----------------------------------------------------------------------------
      name:  <unnamed>
       log:  C:\Users\meyer\github\EliezerMeyer.github.io\IncomeInequality_W
> ID.log
  log type:  text
 opened on:   1 Jan 2022, 18:29:43

. 
. // Time to get my WID data
. 
. ssc install wid
checking wid consistency and verifying not already installed...
all files already exist and are up to date.

. 
. 
end of do-file

. do "C:\Users\meyer\AppData\Local\Temp\STD61ec_000000.tmp"

. // The World Inequality database allows data to be automatically downloade
> d through Stata. Therefore, for this part of the project to be done in the
>  most automated way, I will use Stata to download the data, and Python wit
> hin Stata to clean the data and run my analysis
. 
. // Setting up my Stata
. 
. clear

. 
. set more off

. 
. cd "C:\Users\meyer\github\EliezerMeyer.github.io"
C:\Users\meyer\github\EliezerMeyer.github.io

. 
. log using "IncomeInequality_WID.log", replace
log file already open
r(604);

end of do-file

r(604);

. do "C:\Users\meyer\AppData\Local\Temp\STD61ec_000000.tmp"

. // The World Inequality database allows data to be automatically downloade
> d through Stata. Therefore, for this part of the project to be done in the
>  most automated way, I will use Stata to download the data, and Python wit
> hin Stata to clean the data and run my analysis
. 
. // Setting up my Stata
. 
. clear

. 
. set more off

. 
. cd "C:\Users\meyer\github\EliezerMeyer.github.io"
C:\Users\meyer\github\EliezerMeyer.github.io

. 
. //log using "IncomeInequality_WID.log", replace
. 
. // Time to get my WID data
. 
. ssc install wid
checking wid consistency and verifying not already installed...
all files already exist and are up to date.

. 
. test
last estimates not found
r(301);

end of do-file

r(301);

. do "C:\Users\meyer\AppData\Local\Temp\STD61ec_000000.tmp"

. // The World Inequality database allows data to be automatically downloade
> d through Stata. Therefore, for this part of the project to be done in the
>  most automated way, I will use Stata to download the data, and Python wit
> hin Stata to clean the data and run my analysis
. 
. // Setting up my Stata
. 
. clear

. 
. set more off

. 
. cd "C:\Users\meyer\github\EliezerMeyer.github.io"
C:\Users\meyer\github\EliezerMeyer.github.io

. 
. log using "IncomeInequality_WID.log", replace
log file already open
r(604);

end of do-file

r(604);

. do "C:\Users\meyer\github\EliezerMeyer.github.io\IncomeInequality_WID.do"

. // The World Inequality database allows data to be automatically downloade
> d through Stata. Therefore, for this part of the project to be done in the
>  most automated way, I will use Stata to download the data, and Python wit
> hin Stata to clean the data and run my analysis
. 
. // Setting up my Stata
. 
. clear

. 
. set more off

. 
. cd "C:\Users\meyer\github\EliezerMeyer.github.io"
C:\Users\meyer\github\EliezerMeyer.github.io

. 
. log using "IncomeInequality_WID.log", replace
log file already open
r(604);

end of do-file

r(604);

. br

. do "C:\Users\meyer\AppData\Local\Temp\STD61ec_000000.tmp"

. // The World Inequality database allows data to be automatically downloade
> d through Stata. Therefore, for this part of the project to be done in the
>  most automated way, I will use Stata to download the data, and Python wit
> hin Stata to clean the data and run my analysis
. 
. // Setting up my Stata
. 
. clear

. 
. set more off

. 
. cd "C:\Users\meyer\github\EliezerMeyer.github.io"
C:\Users\meyer\github\EliezerMeyer.github.io

. 
. //log using "IncomeInequality_WID.log", replace
. 
. // Time to get my WID data
. 
. ssc install wid
checking wid consistency and verifying not already installed...
all files already exist and are up to date.

. 
. wid, indicators(shweal) areas(FR) perc(p90p100 p99p100) ages(992) pop(j) c
> lear

* Get variables associated to your selection... DONE
(found 1 variable for 1 area, 2 percentiles, 1 age category, 1 population ca
> tegory)

* Downloading the data

| 0% ---+--- 20% ---+--- 40% ---+--- 60% ---+--- 80% ---+--- 100% |
===================================================================


. 
end of do-file

. do "C:\Users\meyer\AppData\Local\Temp\STD61ec_000000.tmp"

. // The World Inequality database allows data to be automatically downloade
> d through Stata. Therefore, for this part of the project to be done in the
>  most automated way, I will use Stata to download the data, and Python wit
> hin Stata to clean the data and run my analysis
. 
. // Setting up my Stata
. 
. clear

. 
. set more off

. 
. cd "C:\Users\meyer\github\EliezerMeyer.github.io"
C:\Users\meyer\github\EliezerMeyer.github.io

. 
. log using "IncomeInequality_WID.log", replace
log file already open
r(604);

end of do-file

r(604);

. do "C:\Users\meyer\AppData\Local\Temp\STD61ec_000000.tmp"

. // The World Inequality database allows data to be automatically downloade
> d through Stata. Therefore, for this part of the project to be done in the
>  most automated way, I will use Stata to download the data, and Python wit
> hin Stata to clean the data and run my analysis
. 
. // Setting up my Stata
. 
. clear

. 
. set more off

. 
. cd "C:\Users\meyer\github\EliezerMeyer.github.io"
C:\Users\meyer\github\EliezerMeyer.github.io

. 
. //log using "IncomeInequality_WID.log", replace
. 
. // Time to get my WID data
. 
. ssc install wid
checking wid consistency and verifying not already installed...
connection timed out -- see help r(2) for troubleshooting
could not copy http://fmwww.bc.edu/repec/bocode/w/wid_example3.sthlp
(no action taken)
r(2);

end of do-file

r(2);

. do "C:\Users\meyer\AppData\Local\Temp\STD61ec_000000.tmp"

. // The World Inequality database allows data to be automatically downloade
> d through Stata. Therefore, for this part of the project to be done in the
>  most automated way, I will use Stata to download the data, and Python wit
> hin Stata to clean the data and run my analysis
. 
. // Setting up my Stata
. 
. clear

. 
. set more off

. 
. cd "C:\Users\meyer\github\EliezerMeyer.github.io"
C:\Users\meyer\github\EliezerMeyer.github.io

. 
. //log using "IncomeInequality_WID.log", replace
. 
. // Time to get my WID data
. 
. wid, indicators(shweal) areas(FR) perc(p90p100 p99p100) ages(992) pop(j) c
> lear

* Get variables associated to your selection... DONE
(found 1 variable for 1 area, 2 percentiles, 1 age category, 1 population ca
> tegory)

* Downloading the data

| 0% ---+--- 20% ---+--- 40% ---+--- 60% ---+--- 80% ---+--- 100% |
===================================================================


. 
. log using "IncomeInequality_WID.log", replace
log file already open
r(604);

end of do-file

r(604);

. do "C:\Users\meyer\AppData\Local\Temp\STD61ec_000000.tmp"

. // The World Inequality database allows data to be automatically downloade
> d through Stata. Therefore, for this part of the project to be done in the
>  most automated way, I will use Stata to download the data, and Python wit
> hin Stata to clean the data and run my analysis
. 
. // Setting up my Stata
. 
. clear

. 
. set more off

. 
. cd "C:\Users\meyer\github\EliezerMeyer.github.io\Stata"
C:\Users\meyer\github\EliezerMeyer.github.io\Stata

. 
. //log using "IncomeInequality_WID.log", replace
. 
. // Time to get my WID data
. 
. // No longer necessary in code, but I originally had to put "ssc install w
> id"
. 
. wid, indicators(shweal) areas(FR) perc(p90p100 p99p100) ages(992) pop(j) c
> lear

* Get variables associated to your selection... DONE
(found 1 variable for 1 area, 2 percentiles, 1 age category, 1 population ca
> tegory)

* Downloading the data

| 0% ---+--- 20% ---+--- 40% ---+--- 60% ---+--- 80% ---+--- 100% |
===================================================================


. 
. 
. 
end of do-file

